// Jest Snapshot v1, https://goo.gl/fbAQLP

exports[`renders without crashing 1`] = `
ShallowWrapper {
  Symbol(enzyme.__root__): [Circular],
  Symbol(enzyme.__unrendered__): <Card>
    <p>
      card contents
    </p>
  </Card>,
  Symbol(enzyme.__renderer__): Object {
    "batchedUpdates": [Function],
    "checkPropTypes": [Function],
    "getNode": [Function],
    "render": [Function],
    "simulateError": [Function],
    "simulateEvent": [Function],
    "unmount": [Function],
  },
  Symbol(enzyme.__node__): Object {
    "instance": null,
    "key": undefined,
    "nodeType": "host",
    "props": Object {
      "children": <p>
        card contents
      </p>,
      "className": "card",
    },
    "ref": null,
    "rendered": Object {
      "instance": null,
      "key": undefined,
      "nodeType": "host",
      "props": Object {
        "children": "card contents",
      },
      "ref": null,
      "rendered": "card contents",
      "type": "p",
    },
    "type": "div",
  },
  Symbol(enzyme.__nodes__): Array [
    Object {
      "instance": null,
      "key": undefined,
      "nodeType": "host",
      "props": Object {
        "children": <p>
          card contents
        </p>,
        "className": "card",
      },
      "ref": null,
      "rendered": Object {
        "instance": null,
        "key": undefined,
        "nodeType": "host",
        "props": Object {
          "children": "card contents",
        },
        "ref": null,
        "rendered": "card contents",
        "type": "p",
      },
      "type": "div",
    },
  ],
  Symbol(enzyme.__options__): Object {
    "adapter": ReactSixteenAdapter {
      "options": Object {
        "enableComponentDidUpdateOnSetState": true,
        "legacyContextMode": "parent",
        "lifecycles": Object {
          "componentDidUpdate": Object {
            "onSetState": true,
          },
          "getChildContext": Object {
            "calledByRenderer": false,
          },
          "getDerivedStateFromError": true,
          "getDerivedStateFromProps": Object {
            "hasShouldComponentUpdateBug": false,
          },
          "getSnapshotBeforeUpdate": true,
          "setState": Object {
            "skipsComponentDidUpdateOnNullish": true,
          },
        },
      },
    },
  },
}
`;
